
> resodin-root@1.0.3 build
> prisma generate && next build

Environment variables loaded from .env
Prisma schema loaded from prisma\schema.prisma

Γ£ö Generated Prisma Client (v5.22.0) to .\node_modules\@prisma\client in 544ms

Start by importing your Prisma Client (See: https://pris.ly/d/importing-client)

Tip: Interested in query caching in just a few lines of code? Try Accelerate today! https://pris.ly/tip-3-accelerate

node.exe : [baseline-browser-mapping] The data in this module is over two months old.  To ensure accurate Baseline 
data, please update: `npm i baseline-browser-mapping@latest -D`
At line:1 char:1
+ & "C:\Program Files\nodejs/node.exe" "C:\Program Files\nodejs/node_mo ...
+ ~~~~~~~~~~~~~~~~~~~~~~~~~~~~~~~~~~~~~~~~~~~~~~~~~~~~~~~~~~~~~~~~~~~~~
    + CategoryInfo          : NotSpecified: ([baseline-brows...ping@latest -D`:String) [], RemoteException
    + FullyQualifiedErrorId : NativeCommandError
 
 ΓÜá `eslint` configuration in next.config.js is no longer supported. See more info here: 
https://nextjs.org/docs/app/api-reference/cli/next#next-lint-options
 ΓÜá Invalid next.config.js options detected: 
 ΓÜá     Unrecognized key(s) in object: 'eslint'
 ΓÜá See more info here: https://nextjs.org/docs/messages/invalid-next-config
   Γû▓ Next.js 16.0.10 (Turbopack)
   - Environments: .env.local, .env

 ΓÜá The "middleware" file convention is deprecated. Please use "proxy" instead. Learn more: 
https://nextjs.org/docs/messages/middleware-to-proxy
   Creating an optimized production build ...
[baseline-browser-mapping] The data in this module is over two months old.  To ensure accurate Baseline data, please 
update: `npm i baseline-browser-mapping@latest -D`

> Build error occurred
Error: Turbopack build failed with 24 errors:
./app/(protected)/calendar/page.module.css
Error evaluating Node.js code
Error: Cannot find module 'autoprefixer'
Require stack:
- D:\resodin ai\.next\build\chunks\[root-of-the-server]__6d51cb5d._.js
- D:\resodin ai\.next\build\chunks\[turbopack]_runtime.js
- D:\resodin ai\.next\build\postcss.js
    [at Module._resolveFilename (node:internal/modules/cjs/loader:1421:15)]
    [at defaultResolveImpl (node:internal/modules/cjs/loader:1059:19)]
    [at resolveForCJSWithHooks (node:internal/modules/cjs/loader:1064:22)]
    [at Module._load (node:internal/modules/cjs/loader:1227:37)]
    [at TracingChannel.traceSync (node:diagnostics_channel:328:14)]
    [at wrapModuleLoad (node:internal/modules/cjs/loader:245:24)]
    [at Module.require (node:internal/modules/cjs/loader:1504:12)]
    [at require (node:internal/modules/helpers:152:16)]
    at turbopack:///[turbopack-node]/transforms/postcss.ts:49:25 [D:\resodin 
ai\.next\build\chunks\[root-of-the-server]__6d51cb5d._.js:160:33]
    [at <anonymous>]

Import trace:
  Server Component:
    ./app/(protected)/calendar/page.module.css
    ./app/(protected)/calendar/page.tsx


./app/(protected)/comments/page.module.css
Error evaluating Node.js code
Error: Cannot find module 'autoprefixer'
Require stack:
- D:\resodin ai\.next\build\chunks\[root-of-the-server]__6d51cb5d._.js
- D:\resodin ai\.next\build\chunks\[turbopack]_runtime.js
- D:\resodin ai\.next\build\postcss.js
    [at Module._resolveFilename (node:internal/modules/cjs/loader:1421:15)]
    [at defaultResolveImpl (node:internal/modules/cjs/loader:1059:19)]
    [at resolveForCJSWithHooks (node:internal/modules/cjs/loader:1064:22)]
    [at Module._load (node:internal/modules/cjs/loader:1227:37)]
    [at TracingChannel.traceSync (node:diagnostics_channel:328:14)]
    [at wrapModuleLoad (node:internal/modules/cjs/loader:245:24)]
    [at Module.require (node:internal/modules/cjs/loader:1504:12)]
    [at require (node:internal/modules/helpers:152:16)]
    at turbopack:///[turbopack-node]/transforms/postcss.ts:49:25 [D:\resodin 
ai\.next\build\chunks\[root-of-the-server]__6d51cb5d._.js:160:33]
    [at <anonymous>]

Import trace:
  Server Component:
    ./app/(protected)/comments/page.module.css
    ./app/(protected)/comments/page.tsx


./app/(protected)/dashboard/page.module.css
Error evaluating Node.js code
Error: Cannot find module 'autoprefixer'
Require stack:
- D:\resodin ai\.next\build\chunks\[root-of-the-server]__6d51cb5d._.js
- D:\resodin ai\.next\build\chunks\[turbopack]_runtime.js
- D:\resodin ai\.next\build\postcss.js
    [at Module._resolveFilename (node:internal/modules/cjs/loader:1421:15)]
    [at defaultResolveImpl (node:internal/modules/cjs/loader:1059:19)]
    [at resolveForCJSWithHooks (node:internal/modules/cjs/loader:1064:22)]
    [at Module._load (node:internal/modules/cjs/loader:1227:37)]
    [at TracingChannel.traceSync (node:diagnostics_channel:328:14)]
    [at wrapModuleLoad (node:internal/modules/cjs/loader:245:24)]
    [at Module.require (node:internal/modules/cjs/loader:1504:12)]
    [at require (node:internal/modules/helpers:152:16)]
    at turbopack:///[turbopack-node]/transforms/postcss.ts:49:25 [D:\resodin 
ai\.next\build\chunks\[root-of-the-server]__6d51cb5d._.js:160:33]
    [at <anonymous>]

Import traces:
  Server Component:
    ./app/(protected)/dashboard/page.module.css
    ./app/(protected)/dashboard/page.tsx

  Client Component Browser:
    ./app/(protected)/dashboard/page.module.css [Client Component Browser]
    ./app/(protected)/dashboard/DashboardClient.tsx [Client Component Browser]
    ./app/(protected)/dashboard/DashboardClient.tsx [Server Component]
    ./app/(protected)/dashboard/page.tsx [Server Component]

  Client Component SSR:
    ./app/(protected)/dashboard/page.module.css [Client Component SSR]
    ./app/(protected)/dashboard/DashboardClient.tsx [Client Component SSR]
    ./app/(protected)/dashboard/DashboardClient.tsx [Server Component]
    ./app/(protected)/dashboard/page.tsx [Server Component]


./app/(protected)/extension/page.module.css
Error evaluating Node.js code
Error: Cannot find module 'autoprefixer'
Require stack:
- D:\resodin ai\.next\build\chunks\[root-of-the-server]__6d51cb5d._.js
- D:\resodin ai\.next\build\chunks\[turbopack]_runtime.js
- D:\resodin ai\.next\build\postcss.js
    [at Module._resolveFilename (node:internal/modules/cjs/loader:1421:15)]
    [at defaultResolveImpl (node:internal/modules/cjs/loader:1059:19)]
    [at resolveForCJSWithHooks (node:internal/modules/cjs/loader:1064:22)]
    [at Module._load (node:internal/modules/cjs/loader:1227:37)]
    [at TracingChannel.traceSync (node:diagnostics_channel:328:14)]
    [at wrapModuleLoad (node:internal/modules/cjs/loader:245:24)]
    [at Module.require (node:internal/modules/cjs/loader:1504:12)]
    [at require (node:internal/modules/helpers:152:16)]
    at turbopack:///[turbopack-node]/transforms/postcss.ts:49:25 [D:\resodin 
ai\.next\build\chunks\[root-of-the-server]__6d51cb5d._.js:160:33]
    [at <anonymous>]

Import traces:
  Client Component Browser:
    ./app/(protected)/extension/page.module.css [Client Component Browser]
    ./app/(protected)/extension/page.tsx [Client Component Browser]
    ./app/(protected)/extension/page.tsx [Server Component]

  Client Component SSR:
    ./app/(protected)/extension/page.module.css [Client Component SSR]
    ./app/(protected)/extension/page.tsx [Client Component SSR]
    ./app/(protected)/extension/page.tsx [Server Component]


./app/(protected)/hook-analyzer/page.module.css
Error evaluating Node.js code
Error: Cannot find module 'autoprefixer'
Require stack:
- D:\resodin ai\.next\build\chunks\[root-of-the-server]__6d51cb5d._.js
- D:\resodin ai\.next\build\chunks\[turbopack]_runtime.js
- D:\resodin ai\.next\build\postcss.js
    [at Module._resolveFilename (node:internal/modules/cjs/loader:1421:15)]
    [at defaultResolveImpl (node:internal/modules/cjs/loader:1059:19)]
    [at resolveForCJSWithHooks (node:internal/modules/cjs/loader:1064:22)]
    [at Module._load (node:internal/modules/cjs/loader:1227:37)]
    [at TracingChannel.traceSync (node:diagnostics_channel:328:14)]
    [at wrapModuleLoad (node:internal/modules/cjs/loader:245:24)]
    [at Module.require (node:internal/modules/cjs/loader:1504:12)]
    [at require (node:internal/modules/helpers:152:16)]
    at turbopack:///[turbopack-node]/transforms/postcss.ts:49:25 [D:\resodin 
ai\.next\build\chunks\[root-of-the-server]__6d51cb5d._.js:160:33]
    [at <anonymous>]

Import trace:
  Server Component:
    ./app/(protected)/hook-analyzer/page.module.css
    ./app/(protected)/hook-analyzer/page.tsx


./app/(protected)/repurpose/page.module.css
Error evaluating Node.js code
Error: Cannot find module 'autoprefixer'
Require stack:
- D:\resodin ai\.next\build\chunks\[root-of-the-server]__6d51cb5d._.js
- D:\resodin ai\.next\build\chunks\[turbopack]_runtime.js
- D:\resodin ai\.next\build\postcss.js
    [at Module._resolveFilename (node:internal/modules/cjs/loader:1421:15)]
    [at defaultResolveImpl (node:internal/modules/cjs/loader:1059:19)]
    [at resolveForCJSWithHooks (node:internal/modules/cjs/loader:1064:22)]
    [at Module._load (node:internal/modules/cjs/loader:1227:37)]
    [at TracingChannel.traceSync (node:diagnostics_channel:328:14)]
    [at wrapModuleLoad (node:internal/modules/cjs/loader:245:24)]
    [at Module.require (node:internal/modules/cjs/loader:1504:12)]
    [at require (node:internal/modules/helpers:152:16)]
    at turbopack:///[turbopack-node]/transforms/postcss.ts:49:25 [D:\resodin 
ai\.next\build\chunks\[root-of-the-server]__6d51cb5d._.js:160:33]
    [at <anonymous>]

Import trace:
  Server Component:
    ./app/(protected)/repurpose/page.module.css
    ./app/(protected)/repurpose/page.tsx


./app/(protected)/settings/page.module.css
Error evaluating Node.js code
Error: Cannot find module 'autoprefixer'
Require stack:
- D:\resodin ai\.next\build\chunks\[root-of-the-server]__6d51cb5d._.js
- D:\resodin ai\.next\build\chunks\[turbopack]_runtime.js
- D:\resodin ai\.next\build\postcss.js
    [at Module._resolveFilename (node:internal/modules/cjs/loader:1421:15)]
    [at defaultResolveImpl (node:internal/modules/cjs/loader:1059:19)]
    [at resolveForCJSWithHooks (node:internal/modules/cjs/loader:1064:22)]
    [at Module._load (node:internal/modules/cjs/loader:1227:37)]
    [at TracingChannel.traceSync (node:diagnostics_channel:328:14)]
    [at wrapModuleLoad (node:internal/modules/cjs/loader:245:24)]
    [at Module.require (node:internal/modules/cjs/loader:1504:12)]
    [at require (node:internal/modules/helpers:152:16)]
    at turbopack:///[turbopack-node]/transforms/postcss.ts:49:25 [D:\resodin 
ai\.next\build\chunks\[root-of-the-server]__6d51cb5d._.js:160:33]
    [at <anonymous>]

Import traces:
  Client Component Browser:
    ./app/(protected)/settings/page.module.css [Client Component Browser]
    ./app/(protected)/settings/page.tsx [Client Component Browser]
    ./app/(protected)/settings/page.tsx [Server Component]

  Client Component SSR:
    ./app/(protected)/settings/page.module.css [Client Component SSR]
    ./app/(protected)/settings/page.tsx [Client Component SSR]
    ./app/(protected)/settings/page.tsx [Server Component]


./app/(public)/onboarding/page.module.css
Error evaluating Node.js code
Error: Cannot find module 'autoprefixer'
Require stack:
- D:\resodin ai\.next\build\chunks\[root-of-the-server]__6d51cb5d._.js
- D:\resodin ai\.next\build\chunks\[turbopack]_runtime.js
- D:\resodin ai\.next\build\postcss.js
    [at Module._resolveFilename (node:internal/modules/cjs/loader:1421:15)]
    [at defaultResolveImpl (node:internal/modules/cjs/loader:1059:19)]
    [at resolveForCJSWithHooks (node:internal/modules/cjs/loader:1064:22)]
    [at Module._load (node:internal/modules/cjs/loader:1227:37)]
    [at TracingChannel.traceSync (node:diagnostics_channel:328:14)]
    [at wrapModuleLoad (node:internal/modules/cjs/loader:245:24)]
    [at Module.require (node:internal/modules/cjs/loader:1504:12)]
    [at require (node:internal/modules/helpers:152:16)]
    at turbopack:///[turbopack-node]/transforms/postcss.ts:49:25 [D:\resodin 
ai\.next\build\chunks\[root-of-the-server]__6d51cb5d._.js:160:33]
    [at <anonymous>]

Import traces:
  Client Component Browser:
    ./app/(public)/onboarding/page.module.css [Client Component Browser]
    ./app/(public)/onboarding/page.tsx [Client Component Browser]
    ./app/(public)/onboarding/page.tsx [Server Component]

  Client Component SSR:
    ./app/(public)/onboarding/page.module.css [Client Component SSR]
    ./app/(public)/onboarding/page.tsx [Client Component SSR]
    ./app/(public)/onboarding/page.tsx [Server Component]


./app/globals.css
Error evaluating Node.js code
Error: Cannot find module 'autoprefixer'
Require stack:
- D:\resodin ai\.next\build\chunks\[root-of-the-server]__6d51cb5d._.js
- D:\resodin ai\.next\build\chunks\[turbopack]_runtime.js
- D:\resodin ai\.next\build\postcss.js
    [at Module._resolveFilename (node:internal/modules/cjs/loader:1421:15)]
    [at defaultResolveImpl (node:internal/modules/cjs/loader:1059:19)]
    [at resolveForCJSWithHooks (node:internal/modules/cjs/loader:1064:22)]
    [at Module._load (node:internal/modules/cjs/loader:1227:37)]
    [at TracingChannel.traceSync (node:diagnostics_channel:328:14)]
    [at wrapModuleLoad (node:internal/modules/cjs/loader:245:24)]
    [at Module.require (node:internal/modules/cjs/loader:1504:12)]
    [at require (node:internal/modules/helpers:152:16)]
    at turbopack:///[turbopack-node]/transforms/postcss.ts:49:25 [D:\resodin 
ai\.next\build\chunks\[root-of-the-server]__6d51cb5d._.js:160:33]
    [at <anonymous>]

Import trace:
  Client Component Browser:
    ./app/globals.css [Client Component Browser]
    ./app/layout.tsx [Server Component]


./app/landing-components/CommunityHub.module.css
Error evaluating Node.js code
Error: Cannot find module 'autoprefixer'
Require stack:
- D:\resodin ai\.next\build\chunks\[root-of-the-server]__6d51cb5d._.js
- D:\resodin ai\.next\build\chunks\[turbopack]_runtime.js
- D:\resodin ai\.next\build\postcss.js
    [at Module._resolveFilename (node:internal/modules/cjs/loader:1421:15)]
    [at defaultResolveImpl (node:internal/modules/cjs/loader:1059:19)]
    [at resolveForCJSWithHooks (node:internal/modules/cjs/loader:1064:22)]
    [at Module._load (node:internal/modules/cjs/loader:1227:37)]
    [at TracingChannel.traceSync (node:diagnostics_channel:328:14)]
    [at wrapModuleLoad (node:internal/modules/cjs/loader:245:24)]
    [at Module.require (node:internal/modules/cjs/loader:1504:12)]
    [at require (node:internal/modules/helpers:152:16)]
    at turbopack:///[turbopack-node]/transforms/postcss.ts:49:25 [D:\resodin 
ai\.next\build\chunks\[root-of-the-server]__6d51cb5d._.js:160:33]
    [at <anonymous>]

Import traces:
  Client Component Browser:
    ./app/landing-components/CommunityHub.module.css [Client Component Browser]
    ./app/landing-components/CommunityHub.tsx [Client Component Browser]
    ./components/audit/AuditWizard.tsx [Client Component Browser]
    ./components/audit/AuditWizard.tsx [Server Component]
    ./app/(public)/audit/page.tsx [Server Component]

  Client Component SSR:
    ./app/landing-components/CommunityHub.module.css [Client Component SSR]
    ./app/landing-components/CommunityHub.tsx [Client Component SSR]
    ./components/audit/AuditWizard.tsx [Client Component SSR]
    ./components/audit/AuditWizard.tsx [Server Component]
    ./app/(public)/audit/page.tsx [Server Component]


./app/landing-components/ComparisonDemo.module.css
Error evaluating Node.js code
Error: Cannot find module 'autoprefixer'
Require stack:
- D:\resodin ai\.next\build\chunks\[root-of-the-server]__6d51cb5d._.js
- D:\resodin ai\.next\build\chunks\[turbopack]_runtime.js
- D:\resodin ai\.next\build\postcss.js
    [at Module._resolveFilename (node:internal/modules/cjs/loader:1421:15)]
    [at defaultResolveImpl (node:internal/modules/cjs/loader:1059:19)]
    [at resolveForCJSWithHooks (node:internal/modules/cjs/loader:1064:22)]
    [at Module._load (node:internal/modules/cjs/loader:1227:37)]
    [at TracingChannel.traceSync (node:diagnostics_channel:328:14)]
    [at wrapModuleLoad (node:internal/modules/cjs/loader:245:24)]
    [at Module.require (node:internal/modules/cjs/loader:1504:12)]
    [at require (node:internal/modules/helpers:152:16)]
    at turbopack:///[turbopack-node]/transforms/postcss.ts:49:25 [D:\resodin 
ai\.next\build\chunks\[root-of-the-server]__6d51cb5d._.js:160:33]
    [at <anonymous>]

Import traces:
  Client Component Browser:
    ./app/landing-components/ComparisonDemo.module.css [Client Component Browser]
    ./app/landing-components/ComparisonDemo.tsx [Client Component Browser]
    ./app/demo-isolation/page.tsx [Client Component Browser]
    ./app/demo-isolation/page.tsx [Server Component]

  Client Component SSR:
    ./app/landing-components/ComparisonDemo.module.css [Client Component SSR]
    ./app/landing-components/ComparisonDemo.tsx [Client Component SSR]
    ./app/demo-isolation/page.tsx [Client Component SSR]
    ./app/demo-isolation/page.tsx [Server Component]


./app/landing-components/FAQAccordion.module.css
Error evaluating Node.js code
Error: Cannot find module 'autoprefixer'
Require stack:
- D:\resodin ai\.next\build\chunks\[root-of-the-server]__6d51cb5d._.js
- D:\resodin ai\.next\build\chunks\[turbopack]_runtime.js
- D:\resodin ai\.next\build\postcss.js
    [at Module._resolveFilename (node:internal/modules/cjs/loader:1421:15)]
    [at defaultResolveImpl (node:internal/modules/cjs/loader:1059:19)]
    [at resolveForCJSWithHooks (node:internal/modules/cjs/loader:1064:22)]
    [at Module._load (node:internal/modules/cjs/loader:1227:37)]
    [at TracingChannel.traceSync (node:diagnostics_channel:328:14)]
    [at wrapModuleLoad (node:internal/modules/cjs/loader:245:24)]
    [at Module.require (node:internal/modules/cjs/loader:1504:12)]
    [at require (node:internal/modules/helpers:152:16)]
    at turbopack:///[turbopack-node]/transforms/postcss.ts:49:25 [D:\resodin 
ai\.next\build\chunks\[root-of-the-server]__6d51cb5d._.js:160:33]
    [at <anonymous>]

Import traces:
  Client Component Browser:
    ./app/landing-components/FAQAccordion.module.css [Client Component Browser]
    ./app/landing-components/FAQAccordion.tsx [Client Component Browser]
    ./components/audit/AuditWizard.tsx [Client Component Browser]
    ./components/audit/AuditWizard.tsx [Server Component]
    ./app/(public)/audit/page.tsx [Server Component]

  Client Component SSR:
    ./app/landing-components/FAQAccordion.module.css [Client Component SSR]
    ./app/landing-components/FAQAccordion.tsx [Client Component SSR]
    ./components/audit/AuditWizard.tsx [Client Component SSR]
    ./components/audit/AuditWizard.tsx [Server Component]
    ./app/(public)/audit/page.tsx [Server Component]


./app/landing-components/FooterCTA.module.css
Error evaluating Node.js code
Error: Cannot find module 'autoprefixer'
Require stack:
- D:\resodin ai\.next\build\chunks\[root-of-the-server]__6d51cb5d._.js
- D:\resodin ai\.next\build\chunks\[turbopack]_runtime.js
- D:\resodin ai\.next\build\postcss.js
    [at Module._resolveFilename (node:internal/modules/cjs/loader:1421:15)]
    [at defaultResolveImpl (node:internal/modules/cjs/loader:1059:19)]
    [at resolveForCJSWithHooks (node:internal/modules/cjs/loader:1064:22)]
    [at Module._load (node:internal/modules/cjs/loader:1227:37)]
    [at TracingChannel.traceSync (node:diagnostics_channel:328:14)]
    [at wrapModuleLoad (node:internal/modules/cjs/loader:245:24)]
    [at Module.require (node:internal/modules/cjs/loader:1504:12)]
    [at require (node:internal/modules/helpers:152:16)]
    at turbopack:///[turbopack-node]/transforms/postcss.ts:49:25 [D:\resodin 
ai\.next\build\chunks\[root-of-the-server]__6d51cb5d._.js:160:33]
    [at <anonymous>]

Import traces:
  Server Component:
    ./app/landing-components/FooterCTA.module.css
    ./app/landing-components/LandingFooter.tsx
    ./app/(public)/pricing/page.tsx

  Client Component Browser:
    ./app/landing-components/FooterCTA.module.css [Client Component Browser]
    ./app/landing-components/LandingFooter.tsx [Client Component Browser]
    ./components/audit/AuditWizard.tsx [Client Component Browser]
    ./components/audit/AuditWizard.tsx [Server Component]
    ./app/(public)/audit/page.tsx [Server Component]

  Client Component SSR:
    ./app/landing-components/FooterCTA.module.css [Client Component SSR]
    ./app/landing-components/LandingFooter.tsx [Client Component SSR]
    ./components/audit/AuditWizard.tsx [Client Component SSR]
    ./components/audit/AuditWizard.tsx [Server Component]
    ./app/(public)/audit/page.tsx [Server Component]


./app/landing-components/LandingNavbar.module.css
Error evaluating Node.js code
Error: Cannot find module 'autoprefixer'
Require stack:
- D:\resodin ai\.next\build\chunks\[root-of-the-server]__6d51cb5d._.js
- D:\resodin ai\.next\build\chunks\[turbopack]_runtime.js
- D:\resodin ai\.next\build\postcss.js
    [at Module._resolveFilename (node:internal/modules/cjs/loader:1421:15)]
    [at defaultResolveImpl (node:internal/modules/cjs/loader:1059:19)]
    [at resolveForCJSWithHooks (node:internal/modules/cjs/loader:1064:22)]
    [at Module._load (node:internal/modules/cjs/loader:1227:37)]
    [at TracingChannel.traceSync (node:diagnostics_channel:328:14)]
    [at wrapModuleLoad (node:internal/modules/cjs/loader:245:24)]
    [at Module.require (node:internal/modules/cjs/loader:1504:12)]
    [at require (node:internal/modules/helpers:152:16)]
    at turbopack:///[turbopack-node]/transforms/postcss.ts:49:25 [D:\resodin 
ai\.next\build\chunks\[root-of-the-server]__6d51cb5d._.js:160:33]
    [at <anonymous>]

Import traces:
  Client Component Browser:
    ./app/landing-components/LandingNavbar.module.css [Client Component Browser]
    ./app/landing-components/LandingNavbar.tsx [Client Component Browser]
    ./app/landing-components/LandingNavbar.tsx [Server Component]
    ./app/(public)/pricing/page.tsx [Server Component]

  Client Component SSR:
    ./app/landing-components/LandingNavbar.module.css [Client Component SSR]
    ./app/landing-components/LandingNavbar.tsx [Client Component SSR]
    ./app/landing-components/LandingNavbar.tsx [Server Component]
    ./app/(public)/pricing/page.tsx [Server Component]


./app/landing-components/PricingTable.module.css
Error evaluating Node.js code
Error: Cannot find module 'autoprefixer'
Require stack:
- D:\resodin ai\.next\build\chunks\[root-of-the-server]__6d51cb5d._.js
- D:\resodin ai\.next\build\chunks\[turbopack]_runtime.js
- D:\resodin ai\.next\build\postcss.js
    [at Module._resolveFilename (node:internal/modules/cjs/loader:1421:15)]
    [at defaultResolveImpl (node:internal/modules/cjs/loader:1059:19)]
    [at resolveForCJSWithHooks (node:internal/modules/cjs/loader:1064:22)]
    [at Module._load (node:internal/modules/cjs/loader:1227:37)]
    [at TracingChannel.traceSync (node:diagnostics_channel:328:14)]
    [at wrapModuleLoad (node:internal/modules/cjs/loader:245:24)]
    [at Module.require (node:internal/modules/cjs/loader:1504:12)]
    [at require (node:internal/modules/helpers:152:16)]
    at turbopack:///[turbopack-node]/transforms/postcss.ts:49:25 [D:\resodin 
ai\.next\build\chunks\[root-of-the-server]__6d51cb5d._.js:160:33]
    [at <anonymous>]

Import traces:
  Client Component Browser:
    ./app/landing-components/PricingTable.module.css [Client Component Browser]
    ./app/landing-components/PricingTable.tsx [Client Component Browser]
    ./app/landing-components/PricingTable.tsx [Server Component]
    ./app/(public)/pricing/page.tsx [Server Component]

  Client Component SSR:
    ./app/landing-components/PricingTable.module.css [Client Component SSR]
    ./app/landing-components/PricingTable.tsx [Client Component SSR]
    ./app/landing-components/PricingTable.tsx [Server Component]
    ./app/(public)/pricing/page.tsx [Server Component]


./components/CommentFinder.module.css
Error evaluating Node.js code
Error: Cannot find module 'autoprefixer'
Require stack:
- D:\resodin ai\.next\build\chunks\[root-of-the-server]__6d51cb5d._.js
- D:\resodin ai\.next\build\chunks\[turbopack]_runtime.js
- D:\resodin ai\.next\build\postcss.js
    [at Module._resolveFilename (node:internal/modules/cjs/loader:1421:15)]
    [at defaultResolveImpl (node:internal/modules/cjs/loader:1059:19)]
    [at resolveForCJSWithHooks (node:internal/modules/cjs/loader:1064:22)]
    [at Module._load (node:internal/modules/cjs/loader:1227:37)]
    [at TracingChannel.traceSync (node:diagnostics_channel:328:14)]
    [at wrapModuleLoad (node:internal/modules/cjs/loader:245:24)]
    [at Module.require (node:internal/modules/cjs/loader:1504:12)]
    [at require (node:internal/modules/helpers:152:16)]
    at turbopack:///[turbopack-node]/transforms/postcss.ts:49:25 [D:\resodin 
ai\.next\build\chunks\[root-of-the-server]__6d51cb5d._.js:160:33]
    [at <anonymous>]

Import traces:
  Client Component Browser:
    ./components/CommentFinder.module.css [Client Component Browser]
    ./components/CommentFinder.tsx [Client Component Browser]
    ./components/CommentFinder.tsx [Server Component]
    ./app/(protected)/comments/page.tsx [Server Component]

  Client Component SSR:
    ./components/CommentFinder.module.css [Client Component SSR]
    ./components/CommentFinder.tsx [Client Component SSR]
    ./components/CommentFinder.tsx [Server Component]
    ./app/(protected)/comments/page.tsx [Server Component]


./components/ContentCalendar.module.css
Error evaluating Node.js code
Error: Cannot find module 'autoprefixer'
Require stack:
- D:\resodin ai\.next\build\chunks\[root-of-the-server]__6d51cb5d._.js
- D:\resodin ai\.next\build\chunks\[turbopack]_runtime.js
- D:\resodin ai\.next\build\postcss.js
    [at Module._resolveFilename (node:internal/modules/cjs/loader:1421:15)]
    [at defaultResolveImpl (node:internal/modules/cjs/loader:1059:19)]
    [at resolveForCJSWithHooks (node:internal/modules/cjs/loader:1064:22)]
    [at Module._load (node:internal/modules/cjs/loader:1227:37)]
    [at TracingChannel.traceSync (node:diagnostics_channel:328:14)]
    [at wrapModuleLoad (node:internal/modules/cjs/loader:245:24)]
    [at Module.require (node:internal/modules/cjs/loader:1504:12)]
    [at require (node:internal/modules/helpers:152:16)]
    at turbopack:///[turbopack-node]/transforms/postcss.ts:49:25 [D:\resodin 
ai\.next\build\chunks\[root-of-the-server]__6d51cb5d._.js:160:33]
    [at <anonymous>]

Import traces:
  Client Component Browser:
    ./components/ContentCalendar.module.css [Client Component Browser]
    ./components/ContentCalendar.tsx [Client Component Browser]
    ./app/(public)/video-demo/page.tsx [Client Component Browser]
    ./app/(public)/video-demo/page.tsx [Server Component]

  Client Component SSR:
    ./components/ContentCalendar.module.css [Client Component SSR]
    ./components/ContentCalendar.tsx [Client Component SSR]
    ./app/(public)/video-demo/page.tsx [Client Component SSR]
    ./app/(public)/video-demo/page.tsx [Server Component]


./components/ContentForm.module.css
Error evaluating Node.js code
Error: Cannot find module 'autoprefixer'
Require stack:
- D:\resodin ai\.next\build\chunks\[root-of-the-server]__6d51cb5d._.js
- D:\resodin ai\.next\build\chunks\[turbopack]_runtime.js
- D:\resodin ai\.next\build\postcss.js
    [at Module._resolveFilename (node:internal/modules/cjs/loader:1421:15)]
    [at defaultResolveImpl (node:internal/modules/cjs/loader:1059:19)]
    [at resolveForCJSWithHooks (node:internal/modules/cjs/loader:1064:22)]
    [at Module._load (node:internal/modules/cjs/loader:1227:37)]
    [at TracingChannel.traceSync (node:diagnostics_channel:328:14)]
    [at wrapModuleLoad (node:internal/modules/cjs/loader:245:24)]
    [at Module.require (node:internal/modules/cjs/loader:1504:12)]
    [at require (node:internal/modules/helpers:152:16)]
    at turbopack:///[turbopack-node]/transforms/postcss.ts:49:25 [D:\resodin 
ai\.next\build\chunks\[root-of-the-server]__6d51cb5d._.js:160:33]
    [at <anonymous>]

Import traces:
  Client Component Browser:
    ./components/ContentForm.module.css [Client Component Browser]
    ./components/ContentForm.tsx [Client Component Browser]
    ./app/(public)/video-demo/page.tsx [Client Component Browser]
    ./app/(public)/video-demo/page.tsx [Server Component]

  Client Component SSR:
    ./components/ContentForm.module.css [Client Component SSR]
    ./components/ContentForm.tsx [Client Component SSR]
    ./app/(public)/video-demo/page.tsx [Client Component SSR]
    ./app/(public)/video-demo/page.tsx [Server Component]


./components/DashboardSidebar.module.css
Error evaluating Node.js code
Error: Cannot find module 'autoprefixer'
Require stack:
- D:\resodin ai\.next\build\chunks\[root-of-the-server]__6d51cb5d._.js
- D:\resodin ai\.next\build\chunks\[turbopack]_runtime.js
- D:\resodin ai\.next\build\postcss.js
    [at Module._resolveFilename (node:internal/modules/cjs/loader:1421:15)]
    [at defaultResolveImpl (node:internal/modules/cjs/loader:1059:19)]
    [at resolveForCJSWithHooks (node:internal/modules/cjs/loader:1064:22)]
    [at Module._load (node:internal/modules/cjs/loader:1227:37)]
    [at TracingChannel.traceSync (node:diagnostics_channel:328:14)]
    [at wrapModuleLoad (node:internal/modules/cjs/loader:245:24)]
    [at Module.require (node:internal/modules/cjs/loader:1504:12)]
    [at require (node:internal/modules/helpers:152:16)]
    at turbopack:///[turbopack-node]/transforms/postcss.ts:49:25 [D:\resodin 
ai\.next\build\chunks\[root-of-the-server]__6d51cb5d._.js:160:33]
    [at <anonymous>]

Import traces:
  Client Component Browser:
    ./components/DashboardSidebar.module.css [Client Component Browser]
    ./components/DashboardSidebar.tsx [Client Component Browser]
    ./components/DashboardSidebar.tsx [Server Component]
    ./app/(protected)/layout.tsx [Server Component]

  Client Component SSR:
    ./components/DashboardSidebar.module.css [Client Component SSR]
    ./components/DashboardSidebar.tsx [Client Component SSR]
    ./components/DashboardSidebar.tsx [Server Component]
    ./app/(protected)/layout.tsx [Server Component]


./components/Footer.module.css
Error evaluating Node.js code
Error: Cannot find module 'autoprefixer'
Require stack:
- D:\resodin ai\.next\build\chunks\[root-of-the-server]__6d51cb5d._.js
- D:\resodin ai\.next\build\chunks\[turbopack]_runtime.js
- D:\resodin ai\.next\build\postcss.js
    [at Module._resolveFilename (node:internal/modules/cjs/loader:1421:15)]
    [at defaultResolveImpl (node:internal/modules/cjs/loader:1059:19)]
    [at resolveForCJSWithHooks (node:internal/modules/cjs/loader:1064:22)]
    [at Module._load (node:internal/modules/cjs/loader:1227:37)]
    [at TracingChannel.traceSync (node:diagnostics_channel:328:14)]
    [at wrapModuleLoad (node:internal/modules/cjs/loader:245:24)]
    [at Module.require (node:internal/modules/cjs/loader:1504:12)]
    [at require (node:internal/modules/helpers:152:16)]
    at turbopack:///[turbopack-node]/transforms/postcss.ts:49:25 [D:\resodin 
ai\.next\build\chunks\[root-of-the-server]__6d51cb5d._.js:160:33]
    [at <anonymous>]

Import trace:
  Server Component:
    ./components/Footer.module.css
    ./components/Footer.tsx
    ./app/(public)/layout.tsx


./components/PostDisplay.module.css
Error evaluating Node.js code
Error: Cannot find module 'autoprefixer'
Require stack:
- D:\resodin ai\.next\build\chunks\[root-of-the-server]__6d51cb5d._.js
- D:\resodin ai\.next\build\chunks\[turbopack]_runtime.js
- D:\resodin ai\.next\build\postcss.js
    [at Module._resolveFilename (node:internal/modules/cjs/loader:1421:15)]
    [at defaultResolveImpl (node:internal/modules/cjs/loader:1059:19)]
    [at resolveForCJSWithHooks (node:internal/modules/cjs/loader:1064:22)]
    [at Module._load (node:internal/modules/cjs/loader:1227:37)]
    [at TracingChannel.traceSync (node:diagnostics_channel:328:14)]
    [at wrapModuleLoad (node:internal/modules/cjs/loader:245:24)]
    [at Module.require (node:internal/modules/cjs/loader:1504:12)]
    [at require (node:internal/modules/helpers:152:16)]
    at turbopack:///[turbopack-node]/transforms/postcss.ts:49:25 [D:\resodin 
ai\.next\build\chunks\[root-of-the-server]__6d51cb5d._.js:160:33]
    [at <anonymous>]

Import traces:
  Client Component Browser:
    ./components/PostDisplay.module.css [Client Component Browser]
    ./components/PostDisplay.tsx [Client Component Browser]
    ./app/(protected)/dashboard/DashboardClient.tsx [Client Component Browser]
    ./app/(protected)/dashboard/DashboardClient.tsx [Server Component]
    ./app/(protected)/dashboard/page.tsx [Server Component]

  Client Component SSR:
    ./components/PostDisplay.module.css [Client Component SSR]
    ./components/PostDisplay.tsx [Client Component SSR]
    ./app/(protected)/dashboard/DashboardClient.tsx [Client Component SSR]
    ./app/(protected)/dashboard/DashboardClient.tsx [Server Component]
    ./app/(protected)/dashboard/page.tsx [Server Component]


./components/Repurposer.module.css
Error evaluating Node.js code
Error: Cannot find module 'autoprefixer'
Require stack:
- D:\resodin ai\.next\build\chunks\[root-of-the-server]__6d51cb5d._.js
- D:\resodin ai\.next\build\chunks\[turbopack]_runtime.js
- D:\resodin ai\.next\build\postcss.js
    [at Module._resolveFilename (node:internal/modules/cjs/loader:1421:15)]
    [at defaultResolveImpl (node:internal/modules/cjs/loader:1059:19)]
    [at resolveForCJSWithHooks (node:internal/modules/cjs/loader:1064:22)]
    [at Module._load (node:internal/modules/cjs/loader:1227:37)]
    [at TracingChannel.traceSync (node:diagnostics_channel:328:14)]
    [at wrapModuleLoad (node:internal/modules/cjs/loader:245:24)]
    [at Module.require (node:internal/modules/cjs/loader:1504:12)]
    [at require (node:internal/modules/helpers:152:16)]
    at turbopack:///[turbopack-node]/transforms/postcss.ts:49:25 [D:\resodin 
ai\.next\build\chunks\[root-of-the-server]__6d51cb5d._.js:160:33]
    [at <anonymous>]

Import traces:
  Client Component Browser:
    ./components/Repurposer.module.css [Client Component Browser]
    ./components/Repurposer.tsx [Client Component Browser]
    ./components/Repurposer.tsx [Server Component]
    ./app/(protected)/repurpose/page.tsx [Server Component]

  Client Component SSR:
    ./components/Repurposer.module.css [Client Component SSR]
    ./components/Repurposer.tsx [Client Component SSR]
    ./components/Repurposer.tsx [Server Component]
    ./app/(protected)/repurpose/page.tsx [Server Component]


./components/ViralHookAnalyzer.module.css
Error evaluating Node.js code
Error: Cannot find module 'autoprefixer'
Require stack:
- D:\resodin ai\.next\build\chunks\[root-of-the-server]__6d51cb5d._.js
- D:\resodin ai\.next\build\chunks\[turbopack]_runtime.js
- D:\resodin ai\.next\build\postcss.js
    [at Module._resolveFilename (node:internal/modules/cjs/loader:1421:15)]
    [at defaultResolveImpl (node:internal/modules/cjs/loader:1059:19)]
    [at resolveForCJSWithHooks (node:internal/modules/cjs/loader:1064:22)]
    [at Module._load (node:internal/modules/cjs/loader:1227:37)]
    [at TracingChannel.traceSync (node:diagnostics_channel:328:14)]
    [at wrapModuleLoad (node:internal/modules/cjs/loader:245:24)]
    [at Module.require (node:internal/modules/cjs/loader:1504:12)]
    [at require (node:internal/modules/helpers:152:16)]
    at turbopack:///[turbopack-node]/transforms/postcss.ts:49:25 [D:\resodin 
ai\.next\build\chunks\[root-of-the-server]__6d51cb5d._.js:160:33]
    [at <anonymous>]

Import traces:
  Client Component Browser:
    ./components/ViralHookAnalyzer.module.css [Client Component Browser]
    ./components/ViralHookAnalyzer.tsx [Client Component Browser]
    ./components/ViralHookAnalyzer.tsx [Server Component]
    ./app/(protected)/hook-analyzer/page.tsx [Server Component]

  Client Component SSR:
    ./components/ViralHookAnalyzer.module.css [Client Component SSR]
    ./components/ViralHookAnalyzer.tsx [Client Component SSR]
    ./components/ViralHookAnalyzer.tsx [Server Component]
    ./app/(protected)/hook-analyzer/page.tsx [Server Component]


./components/audit/ResodinAudit.module.css
Error evaluating Node.js code
Error: Cannot find module 'autoprefixer'
Require stack:
- D:\resodin ai\.next\build\chunks\[root-of-the-server]__6d51cb5d._.js
- D:\resodin ai\.next\build\chunks\[turbopack]_runtime.js
- D:\resodin ai\.next\build\postcss.js
    [at Module._resolveFilename (node:internal/modules/cjs/loader:1421:15)]
    [at defaultResolveImpl (node:internal/modules/cjs/loader:1059:19)]
    [at resolveForCJSWithHooks (node:internal/modules/cjs/loader:1064:22)]
    [at Module._load (node:internal/modules/cjs/loader:1227:37)]
    [at TracingChannel.traceSync (node:diagnostics_channel:328:14)]
    [at wrapModuleLoad (node:internal/modules/cjs/loader:245:24)]
    [at Module.require (node:internal/modules/cjs/loader:1504:12)]
    [at require (node:internal/modules/helpers:152:16)]
    at turbopack:///[turbopack-node]/transforms/postcss.ts:49:25 [D:\resodin 
ai\.next\build\chunks\[root-of-the-server]__6d51cb5d._.js:160:33]
    [at <anonymous>]

Import traces:
  Client Component Browser:
    ./components/audit/ResodinAudit.module.css [Client Component Browser]
    ./components/audit/AuditWizard.tsx [Client Component Browser]
    ./components/audit/AuditWizard.tsx [Server Component]
    ./app/(public)/audit/page.tsx [Server Component]

  Client Component SSR:
    ./components/audit/ResodinAudit.module.css [Client Component SSR]
    ./components/audit/AuditWizard.tsx [Client Component SSR]
    ./components/audit/AuditWizard.tsx [Server Component]
    ./app/(public)/audit/page.tsx [Server Component]


    at ignore-listed frames
