cmd : * Uses proxy env variable no_proxy == '*.azureedge.net'
At line:1 char:1
+ cmd /c curl -v -X POST http://localhost:3000/api/admin/test-smtp --co ...
+ ~~~~~~~~~~~~~~~~~~~~~~~~~~~~~~~~~~~~~~~~~~~~~~~~~~~~~~~~~~~~~~~~~~~~~
    + CategoryInfo          : NotSpecified: (* Uses proxy en....azureedge.net':String) [], RemoteException
    + FullyQualifiedErrorId : NativeCommandError
 
* Host localhost:3000 was resolved.
* IPv6: ::1
* IPv4: 127.0.0.1
  % Total    % Received % Xferd  Average Speed   Time    Time     Time  Current
                                 Dload  Upload   Total   Spent    Left  Speed

  0     0    0     0    0     0      0      0 --:--:-- --:--:-- --:--:--     0*   Trying [::1]:3000...
* Connected to localhost (::1) port 3000
* using HTTP/1.x
> POST /api/admin/test-smtp HTTP/1.1

> Host: localhost:3000

> User-Agent: curl/8.13.0

> Accept: */*

> Cookie: resodin_admin_session=superadmin_token_bypass

> 

* Request completely sent off

  0     0    0     0    0     0      0      0 --:--:--  0:00:01 --:--:--     0
  0     0    0     0    0     0      0      0 --:--:--  0:00:02 --:--:--     0
  0     0    0     0    0     0      0      0 --:--:--  0:00:03 --:--:--     0
  0     0    0     0    0     0      0      0 --:--:--  0:00:04 --:--:--     0
  0     0    0     0    0     0      0      0 --:--:--  0:00:05 --:--:--     0
  0     0    0     0    0     0      0      0 --:--:--  0:00:06 --:--:--     0
  0     0    0     0    0     0      0      0 --:--:--  0:00:07 --:--:--     0
  0     0    0     0    0     0      0      0 --:--:--  0:00:08 --:--:--     0
  0     0    0     0    0     0      0      0 --:--:--  0:00:09 --:--:--     0
  0     0    0     0    0     0      0      0 --:--:--  0:00:10 --:--:--     0
  0     0    0     0    0     0      0      0 --:--:--  0:00:11 --:--:--     0
  0     0    0     0    0     0      0      0 --:--:--  0:00:12 --:--:--     0
  0     0    0     0    0     0      0      0 --:--:--  0:00:13 --:--:--     0
  0     0    0     0    0     0      0      0 --:--:--  0:00:14 --:--:--     0
  0     0    0     0    0     0      0      0 --:--:--  0:00:15 --:--:--     0
  0     0    0     0    0     0      0      0 --:--:--  0:00:16 --:--:--     0
  0     0    0     0    0     0      0      0 --:--:--  0:00:17 --:--:--     0
  0     0    0     0    0     0      0      0 --:--:--  0:00:18 --:--:--     0
  0     0    0     0    0     0      0      0 --:--:--  0:00:19 --:--:--     0
  0     0    0     0    0     0      0      0 --:--:--  0:00:20 --:--:--     0
  0     0    0     0    0     0      0      0 --:--:--  0:00:21 --:--:--     0
  0     0    0     0    0     0      0      0 --:--:--  0:00:22 --:--:--     0
  0     0    0     0    0     0      0      0 --:--:--  0:00:23 --:--:--     0
  0     0    0     0    0     0      0      0 --:--:--  0:00:24 --:--:--     0< HTTP/1.1 500 Internal Server Error

< x-clerk-auth-reason: dev-browser-missing

< x-clerk-auth-status: signed-out

< x-middleware-rewrite: /api/admin/test-smtp

< Cache-Control: no-store, must-revalidate

< X-Powered-By: Next.js

< ETag: "ryv09fpo9v5lw"

< Content-Type: text/html; charset=utf-8

< Content-Length: 7268

< Vary: Accept-Encoding

< Date: Mon, 29 Dec 2025 07:17:05 GMT

< Connection: keep-alive

< Keep-Alive: timeout=5

< 

{ [7268 bytes data]

100  7268  100  7268    0     0    284      0  0:00:25  0:00:25 --:--:--  1429
100  7268  100  7268    0     0    284      0  0:00:25  0:00:25 --:--:--  1784
* Connection #0 to host localhost left intact
<!DOCTYPE html><html><head><meta charSet="utf-8" data-next-head=""/><meta name="viewport" content="width=device-width" data-next-head=""/><style data-next-hide-fouc="true">body{display:none}</style><noscript data-next-hide-fouc="true"><style>body{display:block}</style></noscript><noscript data-n-css=""></noscript><script src="/_next/static/chunks/node_modules_next_dist_compiled_8ca6b690._.js" defer=""></script><script src="/_next/static/chunks/node_modules_next_dist_shared_lib_82dc2e9d._.js" defer=""></script><script src="/_next/static/chunks/node_modules_next_dist_client_d0aa886c._.js" defer=""></script><script src="/_next/static/chunks/node_modules_next_dist_b0a279d5._.js" defer=""></script><script src="/_next/static/chunks/node_modules_next_app_72f3d36f.js" defer=""></script><script src="/_next/static/chunks/%5Bnext%5D_entry_page-loader_ts_742e4b53._.js" defer=""></script><script src="/_next/static/chunks/node_modules_react-dom_4411d9bd._.js" defer=""></script><script src="/_next/static/chunks/node_modules_7f09fef0._.js" defer=""></script><script src="/_next/static/chunks/%5Broot-of-the-server%5D__45f039c3._.js" defer=""></script><script src="/_next/static/chunks/pages__app_2da965e7._.js" defer=""></script><script src="/_next/static/chunks/turbopack-pages__app_5d693f93._.js" defer=""></script><script src="/_next/static/chunks/node_modules_next_dist_shared_lib_cf5b50a6._.js" defer=""></script><script src="/_next/static/chunks/node_modules_next_dist_19fd0646._.js" defer=""></script><script src="/_next/static/chunks/node_modules_next_error_1cfbb379.js" defer=""></script><script src="/_next/static/chunks/%5Bnext%5D_entry_page-loader_ts_43b523b5._.js" defer=""></script><script src="/_next/static/chunks/%5Broot-of-the-server%5D__092393de._.js" defer=""></script><script src="/_next/static/chunks/pages__error_2da965e7._.js" defer=""></script><script src="/_next/static/chunks/turbopack-pages__error_9f8f7792._.js" defer=""></script><script src="/_next/static/development/_ssgManifest.js" defer=""></script><script src="/_next/static/development/_buildManifest.js" defer=""></script><noscript id="__next_css__DO_NOT_USE__"></noscript></head><body><div id="__next"></div><script id="__NEXT_DATA__" type="application/json">{"props":{"pageProps":{"statusCode":500,"hostname":"localhost"}},"page":"/_error","query":{},"buildId":"development","isFallback":false,"err":{"name":"Error","source":"server","message":"./app/api/admin/test-smtp/route.ts:3:1\nExport getAdminSession doesn't exist in target module\n  1 | import { NextRequest, NextResponse } from \"next/server\";\n  2 | import { sendEmail } from \"@/lib/email\";\n\u003e 3 | import { getAdminSession } from \"@/lib/adminAuth\";\n    | ^^^^^^^^^^^^^^^^^^^^^^^^^^^^^^^^^^^^^^^^^^^^^^^^^^\n  4 |\n  5 | export async function POST(req: NextRequest) {\n  6 |     // Check for admin session\n\nThe export getAdminSession was not found in module [project]/lib/adminAuth.ts [app-route] (ecmascript).\nDid you mean to import createAdminSession?\nAll exports of the module are statically known (It doesn't have dynamic exports). So it's known statically that the requested export doesn't exist.\n\n","stack":"Error: ./app/api/admin/test-smtp/route.ts:3:1\nExport getAdminSession doesn't exist in target module\n\u001b[0m \u001b[90m 1 |\u001b[39m \u001b[36mimport\u001b[39m { \u001b[33mNextRequest\u001b[39m\u001b[33m,\u001b[39m \u001b[33mNextResponse\u001b[39m } \u001b[36mfrom\u001b[39m \u001b[32m\"next/server\"\u001b[39m\u001b[33m;\u001b[39m\n \u001b[90m 2 |\u001b[39m \u001b[36mimport\u001b[39m { sendEmail } \u001b[36mfrom\u001b[39m \u001b[32m\"@/lib/email\"\u001b[39m\u001b[33m;\u001b[39m\n\u001b[31m\u001b[1m\u003e\u001b[22m\u001b[39m\u001b[90m 3 |\u001b[39m \u001b[36mimport\u001b[39m { getAdminSession } \u001b[36mfrom\u001b[39m \u001b[32m\"@/lib/adminAuth\"\u001b[39m\u001b[33m;\u001b[39m\n \u001b[90m   |\u001b[39m \u001b[31m\u001b[1m^\u001b[22m\u001b[39m\u001b[31m\u001b[1m^\u001b[22m\u001b[39m\u001b[31m\u001b[1m^\u001b[22m\u001b[39m\u001b[31m\u001b[1m^\u001b[22m\u001b[39m\u001b[31m\u001b[1m^\u001b[22m\u001b[39m\u001b[31m\u001b[1m^\u001b[22m\u001b[39m\u001b[31m\u001b[1m^\u001b[22m\u001b[39m\u001b[31m\u001b[1m^\u001b[22m\u001b[39m\u001b[31m\u001b[1m^\u001b[22m\u001b[39m\u001b[31m\u001b[1m^\u001b[22m\u001b[39m\u001b[31m\u001b[1m^\u001b[22m\u001b[39m\u001b[31m\u001b[1m^\u001b[22m\u001b[39m\u001b[31m\u001b[1m^\u001b[22m\u001b[39m\u001b[31m\u001b[1m^\u001b[22m\u001b[39m\u001b[31m\u001b[1m^\u001b[22m\u001b[39m\u001b[31m\u001b[1m^\u001b[22m\u001b[39m\u001b[31m\u001b[1m^\u001b[22m\u001b[39m\u001b[31m\u001b[1m^\u001b[22m\u001b[39m\u001b[31m\u001b[1m^\u001b[22m\u001b[39m\u001b[31m\u001b[1m^\u001b[22m\u001b[39m\u001b[31m\u001b[1m^\u001b[22m\u001b[39m\u001b[31m\u001b[1m^\u001b[22m\u001b[39m\u001b[31m\u001b[1m^\u001b[22m\u001b[39m\u001b[31m\u001b[1m^\u001b[22m\u001b[39m\u001b[31m\u001b[1m^\u001b[22m\u001b[39m\u001b[31m\u001b[1m^\u001b[22m\u001b[39m\u001b[31m\u001b[1m^\u001b[22m\u001b[39m\u001b[31m\u001b[1m^\u001b[22m\u001b[39m\u001b[31m\u001b[1m^\u001b[22m\u001b[39m\u001b[31m\u001b[1m^\u001b[22m\u001b[39m\u001b[31m\u001b[1m^\u001b[22m\u001b[39m\u001b[31m\u001b[1m^\u001b[22m\u001b[39m\u001b[31m\u001b[1m^\u001b[22m\u001b[39m\u001b[31m\u001b[1m^\u001b[22m\u001b[39m\u001b[31m\u001b[1m^\u001b[22m\u001b[39m\u001b[31m\u001b[1m^\u001b[22m\u001b[39m\u001b[31m\u001b[1m^\u001b[22m\u001b[39m\u001b[31m\u001b[1m^\u001b[22m\u001b[39m\u001b[31m\u001b[1m^\u001b[22m\u001b[39m\u001b[31m\u001b[1m^\u001b[22m\u001b[39m\u001b[31m\u001b[1m^\u001b[22m\u001b[39m\u001b[31m\u001b[1m^\u001b[22m\u001b[39m\u001b[31m\u001b[1m^\u001b[22m\u001b[39m\u001b[31m\u001b[1m^\u001b[22m\u001b[39m\u001b[31m\u001b[1m^\u001b[22m\u001b[39m\u001b[31m\u001b[1m^\u001b[22m\u001b[39m\u001b[31m\u001b[1m^\u001b[22m\u001b[39m\u001b[31m\u001b[1m^\u001b[22m\u001b[39m\u001b[31m\u001b[1m^\u001b[22m\u001b[39m\u001b[31m\u001b[1m^\u001b[22m\u001b[39m\n \u001b[90m 4 |\u001b[39m\n \u001b[90m 5 |\u001b[39m \u001b[36mexport\u001b[39m \u001b[36masync\u001b[39m \u001b[36mfunction\u001b[39m \u001b[33mPOST\u001b[39m(req\u001b[33m:\u001b[39m \u001b[33mNextRequest\u001b[39m) {\n \u001b[90m 6 |\u001b[39m     \u001b[90m// Check for admin session\u001b[39m\u001b[0m\n\nThe export getAdminSession was not found in module [project]/lib/adminAuth.ts [app-route] (ecmascript).\nDid you mean to import createAdminSession?\nAll exports of the module are statically known (It doesn't have dynamic exports). So it's known statically that the requested export doesn't exist.\n\n\n    at Object.getCompilationErrors (D:\\linkedin content generator\\node_modules\\next\\dist\\server\\dev\\hot-reloader-turbopack.js:996:59)\n    at DevBundlerService.getCompilationError (D:\\linkedin content generator\\node_modules\\next\\dist\\server\\lib\\dev-bundler-service.js:39:55)\n    at DevServer.getCompilationError (D:\\linkedin content generator\\node_modules\\next\\dist\\server\\dev\\next-dev-server.js:701:42)\n    at DevServer.findPageComponents (D:\\linkedin content generator\\node_modules\\next\\dist\\server\\dev\\next-dev-server.js:671:43)\n    at async DevServer.renderErrorToResponseImpl (D:\\linkedin content generator\\node_modules\\next\\dist\\server\\base-server.js:1704:26)"},"gip":true,"scriptLoader":[]}</script></body></html>
