components/audit/QuestionCard.tsx(125,13): error TS2322: Type '{ hidden: { opacity: number; x: number; }; visible: { opacity: number; x: number; transition: { duration: number; ease: string; }; }; exit: { opacity: number; x: number; transition: { duration: number; }; }; }' is not assignable to type 'Variants'.
  Property 'visible' is incompatible with index signature.
    Type '{ opacity: number; x: number; transition: { duration: number; ease: string; }; }' is not assignable to type 'Variant'.
      Type '{ opacity: number; x: number; transition: { duration: number; ease: string; }; }' is not assignable to type 'TargetAndTransition'.
        Type '{ opacity: number; x: number; transition: { duration: number; ease: string; }; }' is not assignable to type '{ transition?: Transition<any> | undefined; transitionEnd?: ResolvedValues$1 | undefined; }'.
          Types of property 'transition' are incompatible.
            Type '{ duration: number; ease: string; }' is not assignable to type 'Transition<any> | undefined'.
              Type '{ duration: number; ease: string; }' is not assignable to type 'TransitionWithValueOverrides<any>'.
                Type '{ duration: number; ease: string; }' is not assignable to type 'ValueAnimationTransition<any>'.
                  Types of property 'ease' are incompatible.
                    Type 'string' is not assignable to type 'Easing | Easing[] | undefined'.
components/DashboardSidebar.tsx(7,5): error TS2724: '"lucide-react"' has no exported member named 'anchor'. Did you mean 'Anchor'?
components/marketing/MarketingDashboard.tsx(10,34): error TS2305: Module '"@/services/marketing/generator"' has no exported member 'MarketingPost'.
